alex@debian:~/expCmake/build$ make
[ 50%] Building CXX object CMakeFiles/expCmake.dir/main.cpp.o
[100%] Linking CXX executable expCmake
/usr/bin/ld: CMakeFiles/expCmake.dir/main.cpp.o: в функции «main»:
main.cpp:(.text+0x25): неопределённая ссылка на «printDepend()»
/usr/bin/ld: main.cpp:(.text+0x2a): неопределённая ссылка на «printFirst()»
collect2: error: ld returned 1 exit status
make[2]: *** [CMakeFiles/expCmake.dir/build.make:97: expCmake] Ошибка 1
make[1]: *** [CMakeFiles/Makefile2:83: CMakeFiles/expCmake.dir/all] Ошибка 2
make: *** [Makefile:91: all] Ошибка 2
